
!!! HELLO REDHAT OPENSHIFT !!!
!!! HELLO REDHAT OPENSHIFT !!!
!!! HELLO REDHAT OPENSHIFT !!!
!!! HELLO REDHAT OPENSHIFT container !!!
!!! HELLO REDHAT OPENSHIFT !!!
!!! HELLO REDHAT OPENSHIFT !!!
Hello World!
Server responded with error  HTTP Error 503: Service Unavailable

!!! HELLO REDHAT OPENSHIFT !!!
!!! HELLO REDHAT OPENSHIFT !!!
Server responded with error  HTTP Error 503: Service Unavailable

Hello World!
!!! HELLO REDHAT OPENSHIFT !!!
!!! HELLO REDHAT OPENSHIFT !!!
Hello World!
Server responded with error  HTTP Error 503: Service Unavailable

Hello World!
Server responded with error  HTTP Error 503: Service Unavailable

!!! HELLO REDHAT OPENSHIFT !!!
Server responded with error  HTTP Error 503: Service Unavailable

Hello World!
!!! HELLO REDHAT OPENSHIFT !!!
!!! HELLO REDHAT OPENSHIFT !!!
Hello World!
!!! HELLO REDHAT OPENSHIFT !!!
Server responded with error  HTTP Error 503: Service Unavailable

!!! HELLO REDHAT OPENSHIFT !!!
!!! HELLO REDHAT OPENSHIFT !!!
Server responded with error  HTTP Error 503: Service Unavailable

Hello World!
Hello World!
Hello World!
Server responded with error  HTTP Error 503: Service Unavailable

!!! HELLO REDHAT OPENSHIFT !!!
!!! HELLO REDHAT OPENSHIFT !!!
!!! HELLO REDHAT OPENSHIFT !!!
Server responded with error  HTTP Error 503: Service Unavailable


